// Jest Snapshot v1, https://goo.gl/fbAQLP

exports[`auth basic 1`] = `
<div>
  1
</div>
`;
